
 45b9a96203f223803720429203e70dbdb461c98f

louislinh88@LAPTOP-PL6F80DM MINGW64 ~/Desktop/Github/Project/CSE391_K59_175A071146_175A071133_ (master)
$ git status
On branch master
Your branch is up to date with 'origin/master'.

Changes to be committed:
  (use "git reset HEAD <file>..." to unstage)

        modified:   CSE391_K59_175A071146_175A071133_.txt
        modified:   test.txt


louislinh88@LAPTOP-PL6F80DM MINGW64 ~/Desktop/Github/Project/CSE391_K59_175A071146_175A071133_ (master)
$ git status
On branch master
Your branch is up to date with 'origin/master'.

Changes to be committed:
  (use "git reset HEAD <file>..." to unstage)

        modified:   CSE391_K59_175A071146_175A071133_.txt
        modified:   test.txt


louislinh88@LAPTOP-PL6F80DM MINGW64 ~/Desktop/Github/Project/CSE391_K59_175A071146_175A071133_ (master)
$ git log
commit 95c6cf39fb4818ca5d758e5cd825fd2dc29824c5 (HEAD -> master, origin/master, origin/HEAD)
Author: = <=>
Date:   Thu Apr 25 21:06:06 2019 +0700

    commit CSE391_K59_175A071146_175A071133_.txt

commit a3be08bc48da56f546d97a85b0092b762b519527
Author: = <=>
Date:   Thu Apr 25 21:03:59 2019 +0700

    commit CSE391_K59_175A071146_175A071133_.txt

commit 089146e91792a5b219cb67440b9082028f9087d2
Author: = <=>
Date:   Thu Apr 25 20:41:48 2019 +0700

    commit to repository

commit af40c85ff9180588acf49eea06cab60402bd0d92
Author: = <=>
Date:   Thu Apr 25 20:33:15 2019 +0700

    commit to repository

louislinh88@LAPTOP-PL6F80DM MINGW64 ~/Desktop/Github/Project/CSE391_K59_175A071146_175A071133_ (master)
$ git add .

louislinh88@LAPTOP-PL6F80DM MINGW64 ~/Desktop/Github/Project/CSE391_K59_175A071146_175A071133_ (master)
$ git commit -m "commit test again"
[master 45b9a96] commit test again
 2 files changed, 3 insertions(+)

louislinh88@LAPTOP-PL6F80DM MINGW64 ~/Desktop/Github/Project/CSE391_K59_175A071146_175A071133_ (master)
$ git status
On branch master
Your branch is ahead of 'origin/master' by 1 commit.
  (use "git push" to publish your local commits)

nothing to commit, working tree clean

louislinh88@LAPTOP-PL6F80DM MINGW64 ~/Desktop/Github/Project/CSE391_K59_175A071146_175A071133_ (master)
$ git push
Enumerating objects: 7, done.
Counting objects: 100% (7/7), done.
Delta compression using up to 4 threads
Compressing objects: 100% (2/2), done.
Writing objects: 100% (4/4), 324 bytes | 108.00 KiB/s, done.
Total 4 (delta 0), reused 0 (delta 0)
To https://github.com/catcatci88/CSE391_K59_175A071146_175A071133_.git
   95c6cf3..45b9a96  master -> master

louislinh88@LAPTOP-PL6F80DM MINGW64 ~/Desktop/Github/Project/CSE391_K59_175A071146_175A071133_ (master)
$ git log
commit 45b9a96203f223803720429203e70dbdb461c98f (HEAD -> master, origin/master, origin/HEAD)
Author: = <=>
Date:   Thu Apr 25 21:17:14 2019 +0700

    commit test again

commit 95c6cf39fb4818ca5d758e5cd825fd2dc29824c5
Author: = <=>
Date:   Thu Apr 25 21:06:06 2019 +0700

    commit CSE391_K59_175A071146_175A071133_.txt

commit a3be08bc48da56f546d97a85b0092b762b519527
Author: = <=>
Date:   Thu Apr 25 21:03:59 2019 +0700

    commit CSE391_K59_175A071146_175A071133_.txt

commit 089146e91792a5b219cb67440b9082028f9087d2
Author: = <=>
Date:   Thu Apr 25 20:41:48 2019 +0700

    commit to repository

commit af40c85ff9180588acf49eea06cab60402bd0d92
Author: = <=>
Date:   Thu Apr 25 20:33:15 2019 +0700

    commit to repository

louislinh88@LAPTOP-PL6F80DM MINGW64 ~/Desktop/Github/Project/CSE391_K59_175A071146_175A071133_ (master)
$ git revert  45b9a96203f223803720429203e70dbdb461c98f
[master 8d4b72b] Revert "commit test again"
 2 files changed, 3 deletions(-)

louislinh88@LAPTOP-PL6F80DM MINGW64 ~/Desktop/Github/Project/CSE391_K59_175A071146_175A071133_ (master)
$ git status
On branch master
Your branch is ahead of 'origin/master' by 1 commit.
  (use "git push" to publish your local commits)

nothing to commit, working tree clean

louislinh88@LAPTOP-PL6F80DM MINGW64 ~/Desktop/Github/Project/CSE391_K59_175A071146_175A071133_ (master)
$ git push
Enumerating objects: 7, done.
Counting objects: 100% (7/7), done.
Delta compression using up to 4 threads
Compressing objects: 100% (2/2), done.
Writing objects: 100% (4/4), 337 bytes | 84.00 KiB/s, done.
Total 4 (delta 0), reused 0 (delta 0)
To https://github.com/catcatci88/CSE391_K59_175A071146_175A071133_.git
   45b9a96..8d4b72b  master -> master

louislinh88@LAPTOP-PL6F80DM MINGW64 ~/Desktop/Github/Project/CSE391_K59_175A071146_175A071133_ (master)
$ git pull
remote: Enumerating objects: 5, done.
remote: Counting objects: 100% (5/5), done.
remote: Compressing objects: 100% (2/2), done.
remote: Total 3 (delta 1), reused 0 (delta 0), pack-reused 0
Unpacking objects: 100% (3/3), done.
From https://github.com/catcatci88/CSE391_K59_175A071146_175A071133_
   8d4b72b..dba06c0  master     -> origin/master
Updating 8d4b72b..dba06c0
Fast-forward
 test.txt | 2 ++
 1 file changed, 2 insertions(+)

louislinh88@LAPTOP-PL6F80DM MINGW64 ~/Desktop/Github/Project/CSE391_K59_175A071146_175A071133_ (master)
$



